// Jest Snapshot v1, https://goo.gl/fbAQLP

exports[`Test presence of Car Form should render Car Form component 1`] = `
<div
  className="d-flex flex-column justify-content-center align-items-center vh-100"
>
  <h2>
    Add Car for this city
  </h2>
  <form
    onSubmit={[Function]}
  >
    <div
      className="form-outline form-white mb-4"
    >
      <label
        className="form-label"
        htmlFor="name"
      >
        <input
          className="form-control form-control-lg"
          id="model"
          maxLength="50"
          minLength="3"
          name="model"
          onChange={[Function]}
          placeholder="Model Car"
          required={true}
          type="text"
          value=""
        />
      </label>
    </div>
    <div
      className="form-outline form-white mb-4"
    >
      <label
        className="form-label"
        htmlFor="name"
      >
        <input
          className="form-control form-control-lg"
          id="photo"
          name="photo"
          onChange={[Function]}
          placeholder="Photo of Car"
          required={true}
          type="url"
          value=""
        />
      </label>
    </div>
    <div
      className="form-outline form-white mb-4"
    >
      <label
        className="form-label"
        htmlFor="name"
      >
        <input
          className="form-control form-control-lg"
          id="description"
          name="description"
          onChange={[Function]}
          placeholder="Description"
          type="text"
          value=""
        />
      </label>
    </div>
    <div
      className="form-outline form-white mb-4"
    >
      <label
        className="form-label"
        htmlFor="name"
      >
        <input
          className="form-control form-control-lg"
          id="cost"
          name="cost"
          onChange={[Function]}
          placeholder="Cost"
          required={true}
          type="number"
          value=""
        />
      </label>
    </div>
    <button
      className="bg-lime-500 text-white hover:bg-lime-400 px-6 py-2 rounded-full font-semibold text-decoration-none text-center"
      type="submit"
    >
      Add car
    </button>
  </form>
</div>
`;
